MPLINK 5.09, LINKER
Linker Map File - Created Fri May 20 20:28:25 2022

                                 Section Info
                  Section       Type    Address   Location Size(Bytes)
                ---------  ---------  ---------  ---------  ---------
                 RES_VECT       code   0x000000    program   0x000004
                   .cinit    romdata   0x000004    program   0x000002
                MAIN_PROG       code   0x000006    program   0x000096
.config_300001_BUILD/DEFAULT/DEBUG/PROJETO.O    romdata   0x300001    program   0x000001
.config_300003_BUILD/DEFAULT/DEBUG/PROJETO.O    romdata   0x300003    program   0x000001
.config_300006_BUILD/DEFAULT/DEBUG/PROJETO.O    romdata   0x300006    program   0x000001
                VARIAVEIS      udata   0x000000       data   0x000003



                              Program Memory Usage 
                               Start         End      
                           ---------   ---------      
                            0x000000    0x00009b      
                            0x300001    0x300001      
                            0x300003    0x300003      
                            0x300006    0x300006      
            159 out of 33048 program addresses used, program memory utilization is 0%



                              Symbols - Sorted by Name
                     Name    Address   Location    Storage File                     
                ---------  ---------  ---------  --------- ---------                
                DECREMENT   0x000042    program     static C:\Users\User\MPLABXProjects\PROJETO_1_MICROS.X\projeto.asm
                    DELAY   0x000084    program     static C:\Users\User\MPLABXProjects\PROJETO_1_MICROS.X\projeto.asm
               DELAY200MS   0x000062    program     static C:\Users\User\MPLABXProjects\PROJETO_1_MICROS.X\projeto.asm
                DELAY200U   0x000080    program     static C:\Users\User\MPLABXProjects\PROJETO_1_MICROS.X\projeto.asm
                   DELAYM   0x000066    program     static C:\Users\User\MPLABXProjects\PROJETO_1_MICROS.X\projeto.asm
                INCREMENT   0x000022    program     static C:\Users\User\MPLABXProjects\PROJETO_1_MICROS.X\projeto.asm
                     LOOP   0x00000e    program     static C:\Users\User\MPLABXProjects\PROJETO_1_MICROS.X\projeto.asm
                    START   0x000006    program     static C:\Users\User\MPLABXProjects\PROJETO_1_MICROS.X\projeto.asm
                     CONT   0x000000       data     static C:\Users\User\MPLABXProjects\PROJETO_1_MICROS.X\projeto.asm
                    CONT1   0x000001       data     static C:\Users\User\MPLABXProjects\PROJETO_1_MICROS.X\projeto.asm
                    CONT2   0x000002       data     static C:\Users\User\MPLABXProjects\PROJETO_1_MICROS.X\projeto.asm



                              Symbols - Sorted by Address
                     Name    Address   Location    Storage File                     
                ---------  ---------  ---------  --------- ---------                
                    START   0x000006    program     static C:\Users\User\MPLABXProjects\PROJETO_1_MICROS.X\projeto.asm
                     LOOP   0x00000e    program     static C:\Users\User\MPLABXProjects\PROJETO_1_MICROS.X\projeto.asm
                INCREMENT   0x000022    program     static C:\Users\User\MPLABXProjects\PROJETO_1_MICROS.X\projeto.asm
                DECREMENT   0x000042    program     static C:\Users\User\MPLABXProjects\PROJETO_1_MICROS.X\projeto.asm
               DELAY200MS   0x000062    program     static C:\Users\User\MPLABXProjects\PROJETO_1_MICROS.X\projeto.asm
                   DELAYM   0x000066    program     static C:\Users\User\MPLABXProjects\PROJETO_1_MICROS.X\projeto.asm
                DELAY200U   0x000080    program     static C:\Users\User\MPLABXProjects\PROJETO_1_MICROS.X\projeto.asm
                    DELAY   0x000084    program     static C:\Users\User\MPLABXProjects\PROJETO_1_MICROS.X\projeto.asm
                     CONT   0x000000       data     static C:\Users\User\MPLABXProjects\PROJETO_1_MICROS.X\projeto.asm
                    CONT1   0x000001       data     static C:\Users\User\MPLABXProjects\PROJETO_1_MICROS.X\projeto.asm
                    CONT2   0x000002       data     static C:\Users\User\MPLABXProjects\PROJETO_1_MICROS.X\projeto.asm


